IP (tos 0x0, ttl 64, id 58037, offset 0, flags [DF], proto UDP (17), length 100)
    192.168.100.2.58054 > 192.168.100.1.123: NTP leap indicator=Nominal, Version=4, Mode=Client, length=72
    Stratum 0 (unspecified), poll 0 (1s), precision 32
    Root Delay: 0.000000, Root dispersion: 0.000000, Reference-ID: 0x00000000
    Reference Timestamp:  0.000000000
    Key id: 8
    Authentication: 57ea530f6d74350cc5286bfec1ab8ca747c73584
IP (tos 0xb8, ttl 64, id 24722, offset 0, flags [DF], proto UDP (17), length 80)
    192.168.100.1.123 > 192.168.100.2.58054: NTP leap indicator=unsync, Version=4, Mode=Server, length=52
    Stratum 0 (unspecified), poll 3 (8s), precision -23
    Root Delay: 0.000000, Root dispersion: 0.001373, Reference-ID: 0x53544550 (STEP)
    Reference Timestamp:  0.000000000
    Key id: 0
IP (tos 0x0, ttl 64, id 5777, offset 0, flags [DF], proto UDP (17), length 100)
    192.168.100.2.42818 > 192.168.100.1.123: NTP leap indicator=Nominal, Version=4, Mode=Client, length=72
    Stratum 0 (unspecified), poll 0 (1s), precision 32
    Root Delay: 0.000000, Root dispersion: 0.000000, Reference-ID: 0x00000000
    Reference Timestamp:  0.000000000
    Key id: 8
    Authentication: 8b7e640979156264f3faa5ae979656dd86502431
IP (tos 0x0, ttl 64, id 64601, offset 0, flags [DF], proto UDP (17), length 100)
    192.168.100.1.123 > 192.168.100.2.42818: NTP leap indicator=Nominal, Version=4, Mode=Server, length=72
    Stratum 2 (secondary reference), poll 0 (1s), precision -23
    Root Delay: 0.155502, Root dispersion: 0.001571, Reference-ID: 0x0a051b0a
    Reference Timestamp:  3706870757.720418354 (2017-06-19T14:19:17.720418)
    Key id: 8
    Authentication: 629990a7fc22cc8467dd88b7af2d220dbe3287d6
IP (tos 0x0, ttl 64, id 31502, offset 0, flags [DF], proto UDP (17), length 76)
    192.168.100.2.53144 > 192.168.100.1.123: NTP leap indicator=unsync, Version=4, Mode=Client, length=48
    Stratum 0 (unspecified), poll 3 (8s), precision -6
    Root Delay: 1.000000, Root dispersion: 1.000000, Reference-ID: 0x00000000
    Reference Timestamp:  0.000000000
IP (tos 0x0, ttl 64, id 456, offset 0, flags [DF], proto UDP (17), length 76)
    192.168.100.1.123 > 192.168.100.2.53144: NTP leap indicator=Nominal, Version=4, Mode=Server, length=48
    Stratum 2 (secondary reference), poll 3 (8s), precision -23
    Root Delay: 0.155456, Root dispersion: 0.001007, Reference-ID: 0x0a051b0a
    Reference Timestamp:  3706870972.021018557 (2017-06-19T14:22:52.021019)
IP (tos 0xc0, ttl 64, id 4575, offset 0, flags [DF], proto UDP (17), length 96)
    192.168.100.2.123 > 192.168.100.1.123: NTP leap indicator=unsync, Version=4, Mode=Client, length=68
    Stratum 0 (unspecified), poll 6 (64s), precision -25
    Root Delay: 0.000000, Root dispersion: 0.000000, Reference-ID: 0x494e4954 (INIT)
    Reference Timestamp:  0.000000000
    Key id: 8
    Authentication: d5378a09c04da845732097104348843a
IP (tos 0xb8, ttl 64, id 6653, offset 0, flags [DF], proto UDP (17), length 96)
    192.168.100.1.123 > 192.168.100.2.123: NTP leap indicator=Nominal, Version=4, Mode=Server, length=68
    Stratum 2 (secondary reference), poll 6 (64s), precision -23
    Root Delay: 0.116577, Root dispersion: 0.001739, Reference-ID: 0x0a0ba0ee
    Reference Timestamp:  3706872421.265296223 (2017-06-19T14:47:01.265296)
    Key id: 8
    Authentication: a7005b034ca215fedfa0d798db37ae9e
