IP 127.0.0.1.32795 > 127.0.0.1.123: NTP LI=0, VN=2, Mode=7, length=192
IP 127.0.0.1.123 > 127.0.0.1.32795: NTP LI=2, VN=2, Mode=7, length=44
IP 127.0.0.1.32795 > 127.0.0.1.123: NTP LI=0, VN=2, Mode=7, length=192
IP 127.0.0.1.123 > 127.0.0.1.32795: NTP LI=2, VN=2, Mode=7, length=32
IP 127.0.0.1.32795 > 127.0.0.1.123: NTP LI=0, VN=2, Mode=7, length=192
IP 127.0.0.1.123 > 127.0.0.1.32795: NTP LI=2, VN=2, Mode=7, length=68
IP 127.0.0.1.32795 > 127.0.0.1.123: NTP LI=0, VN=2, Mode=7, length=192
IP 127.0.0.1.123 > 127.0.0.1.32795: NTP LI=2, VN=2, Mode=7, length=440
