IP (tos 0x0, ttl 64, id 3928, offset 0, flags [DF], proto UDP (17), length 220)
    127.0.0.1.32795 > 127.0.0.1.123: [bad udp cksum 0xfedb -> 0x65a9!] NTP leap indicator=Nominal, Version=2, Mode=Reserved, length=192, mode==7 unexpected!
IP (tos 0x0, ttl 64, id 0, offset 0, flags [DF], proto UDP (17), length 72)
    127.0.0.1.123 > 127.0.0.1.32795: [bad udp cksum 0xfe47 -> 0xb900!] NTP leap indicator=-1s, Version=2, Mode=Reserved, length=44, mode==7 unexpected!
IP (tos 0x0, ttl 64, id 3929, offset 0, flags [DF], proto UDP (17), length 220)
    127.0.0.1.32795 > 127.0.0.1.123: [bad udp cksum 0xfedb -> 0x65bd!] NTP leap indicator=Nominal, Version=2, Mode=Reserved, length=192, mode==7 unexpected!
IP (tos 0x0, ttl 64, id 0, offset 0, flags [DF], proto UDP (17), length 60)
    127.0.0.1.123 > 127.0.0.1.32795: [bad udp cksum 0xfe3b -> 0xeb6d!] NTP leap indicator=-1s, Version=2, Mode=Reserved, length=32, mode==7 unexpected!
IP (tos 0x0, ttl 64, id 3930, offset 0, flags [DF], proto UDP (17), length 220)
    127.0.0.1.32795 > 127.0.0.1.123: [bad udp cksum 0xfedb -> 0x659f!] NTP leap indicator=Nominal, Version=2, Mode=Reserved, length=192, mode==7 unexpected!
IP (tos 0x0, ttl 64, id 0, offset 0, flags [DF], proto UDP (17), length 96)
    127.0.0.1.123 > 127.0.0.1.32795: [bad udp cksum 0xfe5f -> 0xf9f5!] NTP leap indicator=-1s, Version=2, Mode=Reserved, length=68, mode==7 unexpected!
IP (tos 0x0, ttl 64, id 3931, offset 0, flags [DF], proto UDP (17), length 220)
    127.0.0.1.32795 > 127.0.0.1.123: [bad udp cksum 0xfedb -> 0x65c4!] NTP leap indicator=Nominal, Version=2, Mode=Reserved, length=192, mode==7 unexpected!
IP (tos 0x0, ttl 64, id 0, offset 0, flags [DF], proto UDP (17), length 468)
    127.0.0.1.123 > 127.0.0.1.32795: [bad udp cksum 0xffd3 -> 0xdf82!] NTP leap indicator=-1s, Version=2, Mode=Reserved, length=440, mode==7 unexpected!
